---
source: it/cli.rs
assertion_line: 274
expression: "(link, list_after_link, unlink, list_after_unlink)"
---
(
    CommandOutput {
        code: Some(
            0,
        ),
        stdout: "Linked acme-store.test -> <tempdir>/Acme Store\nwarning: PV daemon is not running; run `pv setup` before this Project is reachable\n",
        stderr: "",
    },
    CommandOutput {
        code: Some(
            0,
        ),
        stdout: "Hostname  PHP  Status  Resources  Env  Path\nacme-store.test  8.4  pending  pending  configured  <tempdir>/Acme Store\n",
        stderr: "",
    },
    CommandOutput {
        code: Some(
            0,
        ),
        stdout: "Unlinked acme-store.test -> <tempdir>/Acme Store\nwarning: PV daemon is not running; run `pv setup` before this Project is reachable\n",
        stderr: "",
    },
    CommandOutput {
        code: Some(
            0,
        ),
        stdout: "No linked Projects\n",
        stderr: "",
    },
)
