---
source: it/cli.rs
expression: "(link, list)"
---
(
    CommandOutput {
        code: Some(
            0,
        ),
        stdout: "Linked acme-store.test -> <tempdir>/Acme Store\nwarning: PV daemon is not running; reconciliation will run after `pv setup` starts it\n",
        stderr: "",
    },
    CommandOutput {
        code: Some(
            0,
        ),
        stdout: "Hostname  PHP  Status  Resources  Env  Path\nacme-store.test  default  config-invalid  unknown  invalid  <tempdir>/Acme Store\n  config: duplicate rendered Project env key `DB_HOST` from same-depth mappings `mysql.env.DB_HOST` and `redis.env.DB_HOST`\n",
        stderr: "",
    },
)
