---
source: it/cli.rs
expression: output.stdout
---
# Print an optspec for argparse to handle cmd's options that are independent of any subcommand.
function __fish_pv_global_optspecs
	string join \n no-color h/help V/version
end

function __fish_pv_needs_command
	# Figure out if the current invocation already has a command.
	set -l cmd (commandline -opc)
	set -e cmd[1]
	argparse -s (__fish_pv_global_optspecs) -- $cmd 2>/dev/null
	or return
	if set -q argv[1]
		# Also print the command, so this can be used to figure out what it is.
		echo $argv[1]
		return 1
	end
	return 0
end

function __fish_pv_using_subcommand
	set -l cmd (__fish_pv_needs_command)
	test -z "$cmd"
	and return 1
	contains -- $cmd[1] $argv
end

complete -c pv -n "__fish_pv_needs_command" -l no-color -d 'Disable colored output'
complete -c pv -n "__fish_pv_needs_command" -s h -l help -d 'Print help'
complete -c pv -n "__fish_pv_needs_command" -s V -l version -d 'Print version'
complete -c pv -n "__fish_pv_needs_command" -f -a "env" -d 'Print shell integration code'
complete -c pv -n "__fish_pv_needs_command" -f -a "completions" -d 'Generate shell completions'
complete -c pv -n "__fish_pv_needs_command" -f -a "setup" -d 'Configure PV system integrations'
complete -c pv -n "__fish_pv_needs_command" -f -a "uninstall" -d 'Uninstall PV safely'
complete -c pv -n "__fish_pv_needs_command" -f -a "daemon:enable" -d 'Enable the PV login daemon'
complete -c pv -n "__fish_pv_needs_command" -f -a "daemon:disable" -d 'Disable the PV login daemon'
complete -c pv -n "__fish_pv_needs_command" -f -a "daemon:restart" -d 'Restart the PV login daemon'
complete -c pv -n "__fish_pv_needs_command" -f -a "daemon:run" -d 'Run the internal PV daemon'
complete -c pv -n "__fish_pv_needs_command" -f -a "shim:php" -d 'Run the internal PV PHP shim'
complete -c pv -n "__fish_pv_needs_command" -f -a "shim:composer" -d 'Run the internal PV Composer shim'
complete -c pv -n "__fish_pv_needs_command" -f -a "dns:status" -d 'Show PV .test resolver status'
complete -c pv -n "__fish_pv_needs_command" -f -a "dns:install" -d 'Install or repair PV .test resolver config'
complete -c pv -n "__fish_pv_needs_command" -f -a "dns:uninstall" -d 'Remove PV .test resolver config'
complete -c pv -n "__fish_pv_needs_command" -f -a "ports:status" -d 'Show PV pf redirect status'
complete -c pv -n "__fish_pv_needs_command" -f -a "ports:install" -d 'Install or repair PV pf redirects'
complete -c pv -n "__fish_pv_needs_command" -f -a "ports:uninstall" -d 'Remove PV pf redirects'
complete -c pv -n "__fish_pv_needs_command" -f -a "ca:status" -d 'Show PV local CA trust status'
complete -c pv -n "__fish_pv_needs_command" -f -a "ca:trust" -d 'Trust PV local CA in the System keychain'
complete -c pv -n "__fish_pv_needs_command" -f -a "ca:untrust" -d 'Remove PV local CA trust'
complete -c pv -n "__fish_pv_needs_command" -f -a "link" -d 'Link a Project'
complete -c pv -n "__fish_pv_needs_command" -f -a "unlink" -d 'Unlink a Project'
complete -c pv -n "__fish_pv_needs_command" -f -a "open" -d 'Open a linked Project'
complete -c pv -n "__fish_pv_needs_command" -f -a "project:env" -d 'Print generated Project environment values'
complete -c pv -n "__fish_pv_needs_command" -f -a "list" -d 'List linked Projects'
complete -c pv -n "__fish_pv_needs_command" -f -a "php:use" -d 'Set the PHP track'
complete -c pv -n "__fish_pv_needs_command" -f -a "php:install" -d 'Install a PHP track'
complete -c pv -n "__fish_pv_needs_command" -f -a "php:update" -d 'Update installed PHP tracks'
complete -c pv -n "__fish_pv_needs_command" -f -a "php:uninstall" -d 'Uninstall a PHP track'
complete -c pv -n "__fish_pv_needs_command" -f -a "php:list" -d 'List installed PHP tracks'
complete -c pv -n "__fish_pv_needs_command" -f -a "composer:install" -d 'Install Composer track 2'
complete -c pv -n "__fish_pv_needs_command" -f -a "composer:update" -d 'Update Composer track 2'
complete -c pv -n "__fish_pv_needs_command" -f -a "composer:uninstall" -d 'Uninstall Composer'
complete -c pv -n "__fish_pv_needs_command" -f -a "mailpit:install" -d 'Install a Mailpit track'
complete -c pv -n "__fish_pv_needs_command" -f -a "mailpit:update" -d 'Update installed Mailpit tracks'
complete -c pv -n "__fish_pv_needs_command" -f -a "mailpit:uninstall" -d 'Uninstall a Mailpit track'
complete -c pv -n "__fish_pv_needs_command" -f -a "mailpit:list" -d 'List installed Mailpit tracks'
complete -c pv -n "__fish_pv_needs_command" -f -a "mailpit:open" -d 'Open the running Mailpit dashboard'
complete -c pv -n "__fish_pv_needs_command" -f -a "mail:install" -d 'Install a Mailpit track'
complete -c pv -n "__fish_pv_needs_command" -f -a "mail:update" -d 'Update installed Mailpit tracks'
complete -c pv -n "__fish_pv_needs_command" -f -a "mail:uninstall" -d 'Uninstall a Mailpit track'
complete -c pv -n "__fish_pv_needs_command" -f -a "mail:list" -d 'List installed Mailpit tracks'
complete -c pv -n "__fish_pv_needs_command" -f -a "mail:open" -d 'Open the running Mailpit dashboard'
complete -c pv -n "__fish_pv_using_subcommand env" -l shell -d 'Shell syntax to generate' -r -f -a "bash\t''
fish\t''
zsh\t''"
complete -c pv -n "__fish_pv_using_subcommand env" -l no-color -d 'Disable colored output'
complete -c pv -n "__fish_pv_using_subcommand env" -s h -l help -d 'Print help'
complete -c pv -n "__fish_pv_using_subcommand completions" -l no-color -d 'Disable colored output'
complete -c pv -n "__fish_pv_using_subcommand completions" -s h -l help -d 'Print help'
complete -c pv -n "__fish_pv_using_subcommand setup" -l yes -d 'Accept PV-owned setup confirmations'
complete -c pv -n "__fish_pv_using_subcommand setup" -l non-interactive -d 'Disable interactive prompts'
complete -c pv -n "__fish_pv_using_subcommand setup" -l no-path -d 'Skip shell profile integration'
complete -c pv -n "__fish_pv_using_subcommand setup" -l no-color -d 'Disable colored output'
complete -c pv -n "__fish_pv_using_subcommand setup" -s h -l help -d 'Print help'
complete -c pv -n "__fish_pv_using_subcommand uninstall" -l prune -d 'Remove PV-owned state under ~/.pv'
complete -c pv -n "__fish_pv_using_subcommand uninstall" -l force -d 'Skip prune confirmation'
complete -c pv -n "__fish_pv_using_subcommand uninstall" -l no-color -d 'Disable colored output'
complete -c pv -n "__fish_pv_using_subcommand uninstall" -s h -l help -d 'Print help'
complete -c pv -n "__fish_pv_using_subcommand daemon:enable" -l no-color -d 'Disable colored output'
complete -c pv -n "__fish_pv_using_subcommand daemon:enable" -s h -l help -d 'Print help'
complete -c pv -n "__fish_pv_using_subcommand daemon:disable" -l no-color -d 'Disable colored output'
complete -c pv -n "__fish_pv_using_subcommand daemon:disable" -s h -l help -d 'Print help'
complete -c pv -n "__fish_pv_using_subcommand daemon:restart" -l no-color -d 'Disable colored output'
complete -c pv -n "__fish_pv_using_subcommand daemon:restart" -s h -l help -d 'Print help'
complete -c pv -n "__fish_pv_using_subcommand daemon:run" -l no-color -d 'Disable colored output'
complete -c pv -n "__fish_pv_using_subcommand daemon:run" -s h -l help -d 'Print help'
complete -c pv -n "__fish_pv_using_subcommand shim:php" -l no-color -d 'Disable colored output'
complete -c pv -n "__fish_pv_using_subcommand shim:composer" -l no-color -d 'Disable colored output'
complete -c pv -n "__fish_pv_using_subcommand dns:status" -l no-color -d 'Disable colored output'
complete -c pv -n "__fish_pv_using_subcommand dns:status" -s h -l help -d 'Print help'
complete -c pv -n "__fish_pv_using_subcommand dns:install" -l no-color -d 'Disable colored output'
complete -c pv -n "__fish_pv_using_subcommand dns:install" -s h -l help -d 'Print help'
complete -c pv -n "__fish_pv_using_subcommand dns:uninstall" -l no-color -d 'Disable colored output'
complete -c pv -n "__fish_pv_using_subcommand dns:uninstall" -s h -l help -d 'Print help'
complete -c pv -n "__fish_pv_using_subcommand ports:status" -l no-color -d 'Disable colored output'
complete -c pv -n "__fish_pv_using_subcommand ports:status" -s h -l help -d 'Print help'
complete -c pv -n "__fish_pv_using_subcommand ports:install" -l no-color -d 'Disable colored output'
complete -c pv -n "__fish_pv_using_subcommand ports:install" -s h -l help -d 'Print help'
complete -c pv -n "__fish_pv_using_subcommand ports:uninstall" -l no-color -d 'Disable colored output'
complete -c pv -n "__fish_pv_using_subcommand ports:uninstall" -s h -l help -d 'Print help'
complete -c pv -n "__fish_pv_using_subcommand ca:status" -l no-color -d 'Disable colored output'
complete -c pv -n "__fish_pv_using_subcommand ca:status" -s h -l help -d 'Print help'
complete -c pv -n "__fish_pv_using_subcommand ca:trust" -l no-color -d 'Disable colored output'
complete -c pv -n "__fish_pv_using_subcommand ca:trust" -s h -l help -d 'Print help'
complete -c pv -n "__fish_pv_using_subcommand ca:untrust" -l no-color -d 'Disable colored output'
complete -c pv -n "__fish_pv_using_subcommand ca:untrust" -s h -l help -d 'Print help'
complete -c pv -n "__fish_pv_using_subcommand link" -l hostname -d 'Primary .test hostname' -r
complete -c pv -n "__fish_pv_using_subcommand link" -l no-color -d 'Disable colored output'
complete -c pv -n "__fish_pv_using_subcommand link" -s h -l help -d 'Print help'
complete -c pv -n "__fish_pv_using_subcommand unlink" -l no-color -d 'Disable colored output'
complete -c pv -n "__fish_pv_using_subcommand unlink" -s h -l help -d 'Print help'
complete -c pv -n "__fish_pv_using_subcommand open" -l no-color -d 'Disable colored output'
complete -c pv -n "__fish_pv_using_subcommand open" -s h -l help -d 'Print help'
complete -c pv -n "__fish_pv_using_subcommand project:env" -l json -d 'Print generated Project environment values as JSON'
complete -c pv -n "__fish_pv_using_subcommand project:env" -l no-color -d 'Disable colored output'
complete -c pv -n "__fish_pv_using_subcommand project:env" -s h -l help -d 'Print help'
complete -c pv -n "__fish_pv_using_subcommand list" -l no-color -d 'Disable colored output'
complete -c pv -n "__fish_pv_using_subcommand list" -s h -l help -d 'Print help'
complete -c pv -n "__fish_pv_using_subcommand php:use" -s g -l global -d 'Set the global PHP default'
complete -c pv -n "__fish_pv_using_subcommand php:use" -l no-color -d 'Disable colored output'
complete -c pv -n "__fish_pv_using_subcommand php:use" -s h -l help -d 'Print help'
complete -c pv -n "__fish_pv_using_subcommand php:install" -l no-color -d 'Disable colored output'
complete -c pv -n "__fish_pv_using_subcommand php:install" -s h -l help -d 'Print help'
complete -c pv -n "__fish_pv_using_subcommand php:update" -l no-color -d 'Disable colored output'
complete -c pv -n "__fish_pv_using_subcommand php:update" -s h -l help -d 'Print help'
complete -c pv -n "__fish_pv_using_subcommand php:uninstall" -l prune -d 'Remove PV-owned runtime data for the track'
complete -c pv -n "__fish_pv_using_subcommand php:uninstall" -l force -d 'Remove the track even if Projects use it'
complete -c pv -n "__fish_pv_using_subcommand php:uninstall" -l no-color -d 'Disable colored output'
complete -c pv -n "__fish_pv_using_subcommand php:uninstall" -s h -l help -d 'Print help'
complete -c pv -n "__fish_pv_using_subcommand php:list" -l no-color -d 'Disable colored output'
complete -c pv -n "__fish_pv_using_subcommand php:list" -s h -l help -d 'Print help'
complete -c pv -n "__fish_pv_using_subcommand composer:install" -l no-color -d 'Disable colored output'
complete -c pv -n "__fish_pv_using_subcommand composer:install" -s h -l help -d 'Print help'
complete -c pv -n "__fish_pv_using_subcommand composer:update" -l no-color -d 'Disable colored output'
complete -c pv -n "__fish_pv_using_subcommand composer:update" -s h -l help -d 'Print help'
complete -c pv -n "__fish_pv_using_subcommand composer:uninstall" -l prune -d 'Remove PV-owned Composer home/cache'
complete -c pv -n "__fish_pv_using_subcommand composer:uninstall" -l force -d 'Remove Composer even if in use'
complete -c pv -n "__fish_pv_using_subcommand composer:uninstall" -l no-color -d 'Disable colored output'
complete -c pv -n "__fish_pv_using_subcommand composer:uninstall" -s h -l help -d 'Print help'
complete -c pv -n "__fish_pv_using_subcommand mailpit:install" -l no-color -d 'Disable colored output'
complete -c pv -n "__fish_pv_using_subcommand mailpit:install" -s h -l help -d 'Print help'
complete -c pv -n "__fish_pv_using_subcommand mailpit:update" -l no-color -d 'Disable colored output'
complete -c pv -n "__fish_pv_using_subcommand mailpit:update" -s h -l help -d 'Print help'
complete -c pv -n "__fish_pv_using_subcommand mailpit:uninstall" -l prune -d 'Remove PV-owned runtime data for the track'
complete -c pv -n "__fish_pv_using_subcommand mailpit:uninstall" -l force -d 'Remove the track even if Projects use it'
complete -c pv -n "__fish_pv_using_subcommand mailpit:uninstall" -l no-color -d 'Disable colored output'
complete -c pv -n "__fish_pv_using_subcommand mailpit:uninstall" -s h -l help -d 'Print help'
complete -c pv -n "__fish_pv_using_subcommand mailpit:list" -l no-color -d 'Disable colored output'
complete -c pv -n "__fish_pv_using_subcommand mailpit:list" -s h -l help -d 'Print help'
complete -c pv -n "__fish_pv_using_subcommand mailpit:open" -l no-color -d 'Disable colored output'
complete -c pv -n "__fish_pv_using_subcommand mailpit:open" -s h -l help -d 'Print help'
complete -c pv -n "__fish_pv_using_subcommand mail:install" -l no-color -d 'Disable colored output'
complete -c pv -n "__fish_pv_using_subcommand mail:install" -s h -l help -d 'Print help'
complete -c pv -n "__fish_pv_using_subcommand mail:update" -l no-color -d 'Disable colored output'
complete -c pv -n "__fish_pv_using_subcommand mail:update" -s h -l help -d 'Print help'
complete -c pv -n "__fish_pv_using_subcommand mail:uninstall" -l prune -d 'Remove PV-owned runtime data for the track'
complete -c pv -n "__fish_pv_using_subcommand mail:uninstall" -l force -d 'Remove the track even if Projects use it'
complete -c pv -n "__fish_pv_using_subcommand mail:uninstall" -l no-color -d 'Disable colored output'
complete -c pv -n "__fish_pv_using_subcommand mail:uninstall" -s h -l help -d 'Print help'
complete -c pv -n "__fish_pv_using_subcommand mail:list" -l no-color -d 'Disable colored output'
complete -c pv -n "__fish_pv_using_subcommand mail:list" -s h -l help -d 'Print help'
complete -c pv -n "__fish_pv_using_subcommand mail:open" -l no-color -d 'Disable colored output'
complete -c pv -n "__fish_pv_using_subcommand mail:open" -s h -l help -d 'Print help'
