---
source: it/cli.rs
expression: "(link_served, link_resource_only, list)"
---
(
    CommandOutput {
        code: Some(
            0,
        ),
        stdout: "Linked web-app.test -> <tempdir>/Web App\nwarning: PV daemon is not running; reconciliation will run after `pv setup` starts it\n",
        stderr: "",
    },
    CommandOutput {
        code: Some(
            0,
        ),
        stdout: "Linked data-services (resource-only) -> <tempdir>/Data Services\nwarning: PV daemon is not running; reconciliation will run after `pv setup` starts it\n",
        stderr: "",
    },
    CommandOutput {
        code: Some(
            0,
        ),
        stdout: "Project  Mode  PHP  Status  Resources  Env  Path\ndata-services  resource-only  default  unknown  unknown  none  <tempdir>/Data Services\nweb-app.test  served  default  unknown  unknown  none  <tempdir>/Web App\n",
        stderr: "",
    },
)
