---
source: crates/daemon/tests/daemon_foundation.rs
expression: snapshot
---
(
    [
        Object {
            "job_id": String("job_000001"),
            "message": String("job accepted"),
            "protocol_version": Number(3),
            "status": String("accepted"),
            "type": String("response"),
        },
        Object {
            "job_id": String("job_000001"),
            "kind": String("reconcile"),
            "scope": String("system"),
            "type": String("job_started"),
        },
        Object {
            "job_id": String("job_000001"),
            "message": String("System reconciliation started"),
            "type": String("log"),
        },
        Object {
            "job_id": String("job_000001"),
            "message": String("Gateway runtime skipped; FrankenPHP is not installed"),
            "type": String("progress"),
        },
        Object {
            "job_id": String("job_000001"),
            "summary": String("Gateway runtime skipped; FrankenPHP is not installed"),
            "type": String("job_completed"),
        },
    ],
    [
        JobRecord {
            id: "job_000001",
            kind: "reconcile",
            scope: "system",
            status: Succeeded,
            started_at: "<timestamp>",
            finished_at: Some(
                "<timestamp>",
            ),
            summary: Some(
                "Gateway runtime skipped; FrankenPHP is not installed",
            ),
            error: None,
        },
    ],
)
