---
source: crates/daemon/tests/daemon_foundation.rs
expression: snapshot
---
(
    [
        Object {
            "message": String("Managed Resource update check completed"),
            "protocol_version": Number(3),
            "status": String("ok"),
            "type": String("response"),
            "update_check": Object {
                "managed_resources": Array [],
            },
        },
    ],
    1,
)
