---
source: crates/daemon/tests/gateway_reconciliation.rs
expression: plan
---
RuntimePlan {
    gateway: GatewayRuntimePlan {
        http_port: <port>,
        https_port: <port>,
        ca_certificate_path: "<tempdir>/home/.pv/certificates/ca.pem",
        ca_private_key_path: "<tempdir>/home/.pv/certificates/ca-key.pem",
    },
    workers: [
        PhpWorkerRuntimePlan {
            php_track: "8.3",
            port: <port>,
            projects: [
                RuntimeProject {
                    id: "<project_id>",
                    render_config: true,
                    primary_hostname: "other.test",
                    hostnames: [],
                    project_root: "<tempdir>/other/api",
                    document_root: "<tempdir>/other/api/public",
                },
            ],
        },
        PhpWorkerRuntimePlan {
            php_track: "8.4",
            port: <port>,
            projects: [
                RuntimeProject {
                    id: "<project_id>",
                    render_config: true,
                    primary_hostname: "acme.test",
                    hostnames: [
                        "api.acme.test",
                    ],
                    project_root: "<tempdir>/acme",
                    document_root: "<tempdir>/acme/public",
                },
            ],
        },
    ],
}
