---
source: crates/state/tests/state_foundation.rs
assertion_line: 730
expression: "(created.status, updated.status, database.projects()?)"
---
(
    Created,
    Updated,
    [
        ProjectRecord {
            id: "<project_id>",
            path: "<tempdir>/acme",
            original_path: "<tempdir>/acme",
            primary_hostname: "store.test",
            config_path: "<tempdir>/acme/pv.yml",
            desired_php_track: Some(
                "8.3",
            ),
            additional_hostnames: [
                "admin.store.test",
            ],
            created_at: "<timestamp>",
            updated_at: "<timestamp>",
        },
    ],
)
