---
source: crates/pv-release/tests/app_publication.rs
expression: "command_failure(&output, fixture.root())"
---
CommandFailure {
    status_code: Some(
        1,
    ),
    stdout: "",
    stderr: "Error: failed to stage app publication\n\nCaused by:\n    invalid publication input `<tempdir>/candidate-records/pv-darwin-amd64.json`: candidate app version `0.2.0` must not be older than current stable app manifest `0.3.0`\n",
}
