---
source: crates/pv-release/tests/recipe_fixtures.rs
expression: backing_summaries
---
[
    BackingFixtureSummary {
        track: "8.2",
        upstream_version: "8.2.1",
        artifact_version: "8.2.1-pv1",
        platform: "darwin-amd64",
        object_key: "resources/redis/8.2/8.2.1-pv1/darwin-amd64/redis-8.2.1-pv1-darwin-amd64.tar.gz",
        record_key: "resources/redis/8.2/8.2.1-pv1/darwin-amd64/redis-8.2.1-pv1-darwin-amd64.json",
        source_url: "https://download.redis.io/releases/redis-8.2.1.tar.gz",
        source_sha256: "aaaaaaaaaaaaaaaaaaaaaaaaaaaaaaaaaaaaaaaaaaaaaaaaaaaaaaaaaaaaaaaa",
        recipe: "release/artifacts/recipes/redis/recipe.toml",
        archive_entries: [
            "redis-8.2.1-pv1-darwin-amd64/LICENSE",
            "redis-8.2.1-pv1-darwin-amd64/NOTICE",
            "redis-8.2.1-pv1-darwin-amd64/bin/redis-cli",
            "redis-8.2.1-pv1-darwin-amd64/bin/redis-server",
        ],
    },
    BackingFixtureSummary {
        track: "8.2",
        upstream_version: "8.2.1",
        artifact_version: "8.2.1-pv1",
        platform: "darwin-arm64",
        object_key: "resources/redis/8.2/8.2.1-pv1/darwin-arm64/redis-8.2.1-pv1-darwin-arm64.tar.gz",
        record_key: "resources/redis/8.2/8.2.1-pv1/darwin-arm64/redis-8.2.1-pv1-darwin-arm64.json",
        source_url: "https://download.redis.io/releases/redis-8.2.1.tar.gz",
        source_sha256: "aaaaaaaaaaaaaaaaaaaaaaaaaaaaaaaaaaaaaaaaaaaaaaaaaaaaaaaaaaaaaaaa",
        recipe: "release/artifacts/recipes/redis/recipe.toml",
        archive_entries: [
            "redis-8.2.1-pv1-darwin-arm64/LICENSE",
            "redis-8.2.1-pv1-darwin-arm64/NOTICE",
            "redis-8.2.1-pv1-darwin-arm64/bin/redis-cli",
            "redis-8.2.1-pv1-darwin-arm64/bin/redis-server",
        ],
    },
]
