---
source: crates/pv-release/tests/recipe_fixtures.rs
expression: manifest_json
---
{
  "schema_version": 1,
  "minimum_pv_version": "0.1.0",
  "resources": [
    {
      "name": "composer",
      "default_track": "2",
      "tracks": [
        {
          "name": "2",
          "artifacts": [
            {
              "artifact_version": "2.10.1-pv1",
              "upstream_version": "2.10.1",
              "pv_build_revision": "pv1",
              "platform": "any",
              "url": "https://artifacts.example.test/resources/composer/2/2.10.1-pv1/any/composer-2.10.1-pv1-any.tar.gz",
              "sha256": "907bf97e98e5304ad5ecebb4fb5457e91497e567cba5b4e56f8dfdf1bafd6d9c",
              "size": 197,
              "published_at": "2026-01-01T00:00:00Z",
              "provenance": {
                "source_url": "https://getcomposer.org/download/2.10.1/composer.phar",
                "source_sha256": "345b9c6a98da5c30dcbd4b0d99fc8710bf0ae98a3898eea18f7b2ad9dec93f06",
                "recipe": "release/artifacts/recipes/composer/composer.toml",
                "pv_commit": "0123456789abcdef0123456789abcdef01234567",
                "build_run_id": "local-test"
              }
            }
          ]
        }
      ]
    },
    {
      "name": "frankenphp",
      "default_track": "8.5",
      "tracks": [
        {
          "name": "8.3",
          "artifacts": [
            {
              "artifact_version": "8.3.31-frankenphp1.12.4-pv3",
              "upstream_version": "8.3.31-frankenphp1.12.4",
              "pv_build_revision": "pv3",
              "platform": "darwin-amd64",
              "url": "https://artifacts.example.test/resources/frankenphp/8.3/8.3.31-frankenphp1.12.4-pv3/darwin-amd64/frankenphp-8.3.31-frankenphp1.12.4-pv3-darwin-amd64.tar.gz",
              "sha256": "c7f85e34ed1e4cb07acdeea9771ce2044ff0fc65d660e57fa55b61398819a619",
              "size": 219,
              "published_at": "2026-01-01T00:00:00Z",
              "provenance": {
                "source_url": "https://github.com/php/frankenphp/archive/refs/tags/v1.12.4.tar.gz",
                "source_sha256": "c8af6ff0608f322d564e80c0c37fb7b766adf067c5f0e9bc7b1ed9e0315d8ba1",
                "source_inputs": [
                  {
                    "name": "frankenphp",
                    "source_url": "https://github.com/php/frankenphp/archive/refs/tags/v1.12.4.tar.gz",
                    "source_sha256": "c8af6ff0608f322d564e80c0c37fb7b766adf067c5f0e9bc7b1ed9e0315d8ba1"
                  },
                  {
                    "name": "php",
                    "source_url": "https://www.php.net/distributions/php-8.3.31.tar.gz",
                    "source_sha256": "4e7baaf0a690e954a20e7ced3dd633ce8cb8094e2b6b612a55e703ecbbdcbf4f"
                  }
                ],
                "recipe": "release/artifacts/recipes/php/tracks.toml",
                "pv_commit": "0123456789abcdef0123456789abcdef01234567",
                "build_run_id": "local-test"
              }
            },
            {
              "artifact_version": "8.3.31-frankenphp1.12.4-pv3",
              "upstream_version": "8.3.31-frankenphp1.12.4",
              "pv_build_revision": "pv3",
              "platform": "darwin-arm64",
              "url": "https://artifacts.example.test/resources/frankenphp/8.3/8.3.31-frankenphp1.12.4-pv3/darwin-arm64/frankenphp-8.3.31-frankenphp1.12.4-pv3-darwin-arm64.tar.gz",
              "sha256": "cd06f096193c6d94ee0e198134421eee59161ccf550faa5e30e2bc0af298fdf6",
              "size": 219,
              "published_at": "2026-01-01T00:00:00Z",
              "provenance": {
                "source_url": "https://github.com/php/frankenphp/archive/refs/tags/v1.12.4.tar.gz",
                "source_sha256": "c8af6ff0608f322d564e80c0c37fb7b766adf067c5f0e9bc7b1ed9e0315d8ba1",
                "source_inputs": [
                  {
                    "name": "frankenphp",
                    "source_url": "https://github.com/php/frankenphp/archive/refs/tags/v1.12.4.tar.gz",
                    "source_sha256": "c8af6ff0608f322d564e80c0c37fb7b766adf067c5f0e9bc7b1ed9e0315d8ba1"
                  },
                  {
                    "name": "php",
                    "source_url": "https://www.php.net/distributions/php-8.3.31.tar.gz",
                    "source_sha256": "4e7baaf0a690e954a20e7ced3dd633ce8cb8094e2b6b612a55e703ecbbdcbf4f"
                  }
                ],
                "recipe": "release/artifacts/recipes/php/tracks.toml",
                "pv_commit": "0123456789abcdef0123456789abcdef01234567",
                "build_run_id": "local-test"
              }
            }
          ]
        },
        {
          "name": "8.4",
          "artifacts": [
            {
              "artifact_version": "8.4.22-frankenphp1.12.4-pv3",
              "upstream_version": "8.4.22-frankenphp1.12.4",
              "pv_build_revision": "pv3",
              "platform": "darwin-amd64",
              "url": "https://artifacts.example.test/resources/frankenphp/8.4/8.4.22-frankenphp1.12.4-pv3/darwin-amd64/frankenphp-8.4.22-frankenphp1.12.4-pv3-darwin-amd64.tar.gz",
              "sha256": "a6bf15a2529d5547b6e495e567a9edc752b7ccfe2c65c5cf7f5d6a565016b76c",
              "size": 219,
              "published_at": "2026-01-01T00:00:00Z",
              "provenance": {
                "source_url": "https://github.com/php/frankenphp/archive/refs/tags/v1.12.4.tar.gz",
                "source_sha256": "c8af6ff0608f322d564e80c0c37fb7b766adf067c5f0e9bc7b1ed9e0315d8ba1",
                "source_inputs": [
                  {
                    "name": "frankenphp",
                    "source_url": "https://github.com/php/frankenphp/archive/refs/tags/v1.12.4.tar.gz",
                    "source_sha256": "c8af6ff0608f322d564e80c0c37fb7b766adf067c5f0e9bc7b1ed9e0315d8ba1"
                  },
                  {
                    "name": "php",
                    "source_url": "https://www.php.net/distributions/php-8.4.22.tar.gz",
                    "source_sha256": "a012c2c9724baf214a70b41b40a7e130906b8855e54268afa5bc4ae17bc9d823"
                  }
                ],
                "recipe": "release/artifacts/recipes/php/tracks.toml",
                "pv_commit": "0123456789abcdef0123456789abcdef01234567",
                "build_run_id": "local-test"
              }
            },
            {
              "artifact_version": "8.4.22-frankenphp1.12.4-pv3",
              "upstream_version": "8.4.22-frankenphp1.12.4",
              "pv_build_revision": "pv3",
              "platform": "darwin-arm64",
              "url": "https://artifacts.example.test/resources/frankenphp/8.4/8.4.22-frankenphp1.12.4-pv3/darwin-arm64/frankenphp-8.4.22-frankenphp1.12.4-pv3-darwin-arm64.tar.gz",
              "sha256": "ed82266b245c0412999b930137f10ee19159dd956c6989ae9cf941fa006ccbf5",
              "size": 219,
              "published_at": "2026-01-01T00:00:00Z",
              "provenance": {
                "source_url": "https://github.com/php/frankenphp/archive/refs/tags/v1.12.4.tar.gz",
                "source_sha256": "c8af6ff0608f322d564e80c0c37fb7b766adf067c5f0e9bc7b1ed9e0315d8ba1",
                "source_inputs": [
                  {
                    "name": "frankenphp",
                    "source_url": "https://github.com/php/frankenphp/archive/refs/tags/v1.12.4.tar.gz",
                    "source_sha256": "c8af6ff0608f322d564e80c0c37fb7b766adf067c5f0e9bc7b1ed9e0315d8ba1"
                  },
                  {
                    "name": "php",
                    "source_url": "https://www.php.net/distributions/php-8.4.22.tar.gz",
                    "source_sha256": "a012c2c9724baf214a70b41b40a7e130906b8855e54268afa5bc4ae17bc9d823"
                  }
                ],
                "recipe": "release/artifacts/recipes/php/tracks.toml",
                "pv_commit": "0123456789abcdef0123456789abcdef01234567",
                "build_run_id": "local-test"
              }
            }
          ]
        },
        {
          "name": "8.5",
          "artifacts": [
            {
              "artifact_version": "8.5.7-frankenphp1.12.4-pv3",
              "upstream_version": "8.5.7-frankenphp1.12.4",
              "pv_build_revision": "pv3",
              "platform": "darwin-amd64",
              "url": "https://artifacts.example.test/resources/frankenphp/8.5/8.5.7-frankenphp1.12.4-pv3/darwin-amd64/frankenphp-8.5.7-frankenphp1.12.4-pv3-darwin-amd64.tar.gz",
              "sha256": "c544de029b13fadf4a04abf746a58ac6ded0c351d0ca71cfac1873760aca90db",
              "size": 218,
              "published_at": "2026-01-01T00:00:00Z",
              "provenance": {
                "source_url": "https://github.com/php/frankenphp/archive/refs/tags/v1.12.4.tar.gz",
                "source_sha256": "c8af6ff0608f322d564e80c0c37fb7b766adf067c5f0e9bc7b1ed9e0315d8ba1",
                "source_inputs": [
                  {
                    "name": "frankenphp",
                    "source_url": "https://github.com/php/frankenphp/archive/refs/tags/v1.12.4.tar.gz",
                    "source_sha256": "c8af6ff0608f322d564e80c0c37fb7b766adf067c5f0e9bc7b1ed9e0315d8ba1"
                  },
                  {
                    "name": "php",
                    "source_url": "https://www.php.net/distributions/php-8.5.7.tar.gz",
                    "source_sha256": "e5eba93fd6dd3241d0e61e932eb99a3783b40568553fb0e511b660ecd863a049"
                  }
                ],
                "recipe": "release/artifacts/recipes/php/tracks.toml",
                "pv_commit": "0123456789abcdef0123456789abcdef01234567",
                "build_run_id": "local-test"
              }
            },
            {
              "artifact_version": "8.5.7-frankenphp1.12.4-pv3",
              "upstream_version": "8.5.7-frankenphp1.12.4",
              "pv_build_revision": "pv3",
              "platform": "darwin-arm64",
              "url": "https://artifacts.example.test/resources/frankenphp/8.5/8.5.7-frankenphp1.12.4-pv3/darwin-arm64/frankenphp-8.5.7-frankenphp1.12.4-pv3-darwin-arm64.tar.gz",
              "sha256": "13b6806799d07428f1c81af9f1999cc0499940f77d01f83d8ba943db4a797953",
              "size": 218,
              "published_at": "2026-01-01T00:00:00Z",
              "provenance": {
                "source_url": "https://github.com/php/frankenphp/archive/refs/tags/v1.12.4.tar.gz",
                "source_sha256": "c8af6ff0608f322d564e80c0c37fb7b766adf067c5f0e9bc7b1ed9e0315d8ba1",
                "source_inputs": [
                  {
                    "name": "frankenphp",
                    "source_url": "https://github.com/php/frankenphp/archive/refs/tags/v1.12.4.tar.gz",
                    "source_sha256": "c8af6ff0608f322d564e80c0c37fb7b766adf067c5f0e9bc7b1ed9e0315d8ba1"
                  },
                  {
                    "name": "php",
                    "source_url": "https://www.php.net/distributions/php-8.5.7.tar.gz",
                    "source_sha256": "e5eba93fd6dd3241d0e61e932eb99a3783b40568553fb0e511b660ecd863a049"
                  }
                ],
                "recipe": "release/artifacts/recipes/php/tracks.toml",
                "pv_commit": "0123456789abcdef0123456789abcdef01234567",
                "build_run_id": "local-test"
              }
            }
          ]
        }
      ]
    },
    {
      "name": "mailpit",
      "default_track": "1",
      "tracks": [
        {
          "name": "1",
          "artifacts": [
            {
              "artifact_version": "1.30.1-pv1",
              "upstream_version": "1.30.1",
              "pv_build_revision": "pv1",
              "platform": "darwin-amd64",
              "url": "https://artifacts.example.test/resources/mailpit/1/1.30.1-pv1/darwin-amd64/mailpit-1.30.1-pv1-darwin-amd64.tar.gz",
              "sha256": "a7b6c28c03b048f9714dde22c4cc14363feb64701ea022e229dfdd9c74e742cd",
              "size": 206,
              "published_at": "2026-01-01T00:00:00Z",
              "provenance": {
                "source_url": "https://github.com/axllent/mailpit/releases/download/v1.30.1/mailpit-darwin-amd64.tar.gz",
                "source_sha256": "a2d7df1b34967e51604b42136260789b75a45233a03c9dc773b98024e1390974",
                "recipe": "release/artifacts/recipes/mailpit/recipe.toml",
                "pv_commit": "0123456789abcdef0123456789abcdef01234567",
                "build_run_id": "local-test"
              }
            },
            {
              "artifact_version": "1.30.1-pv1",
              "upstream_version": "1.30.1",
              "pv_build_revision": "pv1",
              "platform": "darwin-arm64",
              "url": "https://artifacts.example.test/resources/mailpit/1/1.30.1-pv1/darwin-arm64/mailpit-1.30.1-pv1-darwin-arm64.tar.gz",
              "sha256": "6af5a3450ef66fbadca29ffda5eedd46d7fcb56b71bb14d743162c8df9082317",
              "size": 207,
              "published_at": "2026-01-01T00:00:00Z",
              "provenance": {
                "source_url": "https://github.com/axllent/mailpit/releases/download/v1.30.1/mailpit-darwin-arm64.tar.gz",
                "source_sha256": "1cce392a19a6093fcc859aeb87d9999671fed9a0a7a1c227a7f7df6307741be2",
                "recipe": "release/artifacts/recipes/mailpit/recipe.toml",
                "pv_commit": "0123456789abcdef0123456789abcdef01234567",
                "build_run_id": "local-test"
              }
            }
          ]
        }
      ]
    },
    {
      "name": "mysql",
      "default_track": "8.4",
      "tracks": [
        {
          "name": "8.0",
          "artifacts": [
            {
              "artifact_version": "8.0.46-pv1",
              "upstream_version": "8.0.46",
              "pv_build_revision": "pv1",
              "platform": "darwin-amd64",
              "url": "https://artifacts.example.test/resources/mysql/8.0/8.0.46-pv1/darwin-amd64/mysql-8.0.46-pv1-darwin-amd64.tar.gz",
              "sha256": "314f56b21d3ea703701e03a300a7cb3d54fdbd6377f6c7a66df9db92010a6fd8",
              "size": 241,
              "published_at": "2026-01-01T00:00:00Z",
              "provenance": {
                "source_url": "https://cdn.mysql.com/Downloads/MySQL-8.0/mysql-8.0.46.tar.gz",
                "source_sha256": "e0d1a98ae5188c6a4efed74c74ff28115d4b791bc9d591a78e14d20aded67344",
                "recipe": "release/artifacts/recipes/mysql/recipe.toml",
                "pv_commit": "0123456789abcdef0123456789abcdef01234567",
                "build_run_id": "local-test"
              }
            },
            {
              "artifact_version": "8.0.46-pv1",
              "upstream_version": "8.0.46",
              "pv_build_revision": "pv1",
              "platform": "darwin-arm64",
              "url": "https://artifacts.example.test/resources/mysql/8.0/8.0.46-pv1/darwin-arm64/mysql-8.0.46-pv1-darwin-arm64.tar.gz",
              "sha256": "4c243afd44cd6d378d974d9bab405bf3ffb0eb094aee3376da7930d67a45d898",
              "size": 240,
              "published_at": "2026-01-01T00:00:00Z",
              "provenance": {
                "source_url": "https://cdn.mysql.com/Downloads/MySQL-8.0/mysql-8.0.46.tar.gz",
                "source_sha256": "e0d1a98ae5188c6a4efed74c74ff28115d4b791bc9d591a78e14d20aded67344",
                "recipe": "release/artifacts/recipes/mysql/recipe.toml",
                "pv_commit": "0123456789abcdef0123456789abcdef01234567",
                "build_run_id": "local-test"
              }
            }
          ]
        },
        {
          "name": "8.4",
          "artifacts": [
            {
              "artifact_version": "8.4.9-pv1",
              "upstream_version": "8.4.9",
              "pv_build_revision": "pv1",
              "platform": "darwin-amd64",
              "url": "https://artifacts.example.test/resources/mysql/8.4/8.4.9-pv1/darwin-amd64/mysql-8.4.9-pv1-darwin-amd64.tar.gz",
              "sha256": "140e3b8bf6b1027b876dea2442a9de3c255d46807f3b188ae059f4cd8c8add9c",
              "size": 242,
              "published_at": "2026-01-01T00:00:00Z",
              "provenance": {
                "source_url": "https://cdn.mysql.com/Downloads/MySQL-8.4/mysql-8.4.9.tar.gz",
                "source_sha256": "e4aa8b39e42d1fe078f33bbd73695fac2b54dbc7bb137f0bdbe63f7be1a02d6b",
                "recipe": "release/artifacts/recipes/mysql/recipe.toml",
                "pv_commit": "0123456789abcdef0123456789abcdef01234567",
                "build_run_id": "local-test"
              }
            },
            {
              "artifact_version": "8.4.9-pv1",
              "upstream_version": "8.4.9",
              "pv_build_revision": "pv1",
              "platform": "darwin-arm64",
              "url": "https://artifacts.example.test/resources/mysql/8.4/8.4.9-pv1/darwin-arm64/mysql-8.4.9-pv1-darwin-arm64.tar.gz",
              "sha256": "cd4c719eff4500b9029df3d4fe818e454d3f697fcf2dc1a28339935693d9abe6",
              "size": 241,
              "published_at": "2026-01-01T00:00:00Z",
              "provenance": {
                "source_url": "https://cdn.mysql.com/Downloads/MySQL-8.4/mysql-8.4.9.tar.gz",
                "source_sha256": "e4aa8b39e42d1fe078f33bbd73695fac2b54dbc7bb137f0bdbe63f7be1a02d6b",
                "recipe": "release/artifacts/recipes/mysql/recipe.toml",
                "pv_commit": "0123456789abcdef0123456789abcdef01234567",
                "build_run_id": "local-test"
              }
            }
          ]
        },
        {
          "name": "9.7",
          "artifacts": [
            {
              "artifact_version": "9.7.0-pv1",
              "upstream_version": "9.7.0",
              "pv_build_revision": "pv1",
              "platform": "darwin-amd64",
              "url": "https://artifacts.example.test/resources/mysql/9.7/9.7.0-pv1/darwin-amd64/mysql-9.7.0-pv1-darwin-amd64.tar.gz",
              "sha256": "dc4828b21affb67871fe9c2ffc89b2cb531c8b04a81c414fd383e824fd93cd01",
              "size": 240,
              "published_at": "2026-01-01T00:00:00Z",
              "provenance": {
                "source_url": "https://cdn.mysql.com/Downloads/MySQL-9.7/mysql-9.7.0.tar.gz",
                "source_sha256": "74b574babc56b0ecb632abd359d213c6794ecf442ae44928bfc581fb3d62306d",
                "recipe": "release/artifacts/recipes/mysql/recipe.toml",
                "pv_commit": "0123456789abcdef0123456789abcdef01234567",
                "build_run_id": "local-test"
              }
            },
            {
              "artifact_version": "9.7.0-pv1",
              "upstream_version": "9.7.0",
              "pv_build_revision": "pv1",
              "platform": "darwin-arm64",
              "url": "https://artifacts.example.test/resources/mysql/9.7/9.7.0-pv1/darwin-arm64/mysql-9.7.0-pv1-darwin-arm64.tar.gz",
              "sha256": "d918838e5a70d646911f286413f34151fe7bf287047244b70994b55d14249352",
              "size": 243,
              "published_at": "2026-01-01T00:00:00Z",
              "provenance": {
                "source_url": "https://cdn.mysql.com/Downloads/MySQL-9.7/mysql-9.7.0.tar.gz",
                "source_sha256": "74b574babc56b0ecb632abd359d213c6794ecf442ae44928bfc581fb3d62306d",
                "recipe": "release/artifacts/recipes/mysql/recipe.toml",
                "pv_commit": "0123456789abcdef0123456789abcdef01234567",
                "build_run_id": "local-test"
              }
            }
          ]
        }
      ]
    },
    {
      "name": "php",
      "default_track": "8.5",
      "tracks": [
        {
          "name": "8.3",
          "artifacts": [
            {
              "artifact_version": "8.3.31-pv3",
              "upstream_version": "8.3.31",
              "pv_build_revision": "pv3",
              "platform": "darwin-amd64",
              "url": "https://artifacts.example.test/resources/php/8.3/8.3.31-pv3/darwin-amd64/php-8.3.31-pv3-darwin-amd64.tar.gz",
              "sha256": "d7acccf46b3ff9ab8d21a9655ffe00b5f4ba6fcf2f3a92111cafefafbd3adacc",
              "size": 204,
              "published_at": "2026-01-01T00:00:00Z",
              "provenance": {
                "source_url": "https://www.php.net/distributions/php-8.3.31.tar.gz",
                "source_sha256": "4e7baaf0a690e954a20e7ced3dd633ce8cb8094e2b6b612a55e703ecbbdcbf4f",
                "recipe": "release/artifacts/recipes/php/tracks.toml",
                "pv_commit": "0123456789abcdef0123456789abcdef01234567",
                "build_run_id": "local-test"
              }
            },
            {
              "artifact_version": "8.3.31-pv3",
              "upstream_version": "8.3.31",
              "pv_build_revision": "pv3",
              "platform": "darwin-arm64",
              "url": "https://artifacts.example.test/resources/php/8.3/8.3.31-pv3/darwin-arm64/php-8.3.31-pv3-darwin-arm64.tar.gz",
              "sha256": "26db44a319310483c74a6faa72021c41161540e505c890b42873e96840e92a75",
              "size": 204,
              "published_at": "2026-01-01T00:00:00Z",
              "provenance": {
                "source_url": "https://www.php.net/distributions/php-8.3.31.tar.gz",
                "source_sha256": "4e7baaf0a690e954a20e7ced3dd633ce8cb8094e2b6b612a55e703ecbbdcbf4f",
                "recipe": "release/artifacts/recipes/php/tracks.toml",
                "pv_commit": "0123456789abcdef0123456789abcdef01234567",
                "build_run_id": "local-test"
              }
            }
          ]
        },
        {
          "name": "8.4",
          "artifacts": [
            {
              "artifact_version": "8.4.22-pv3",
              "upstream_version": "8.4.22",
              "pv_build_revision": "pv3",
              "platform": "darwin-amd64",
              "url": "https://artifacts.example.test/resources/php/8.4/8.4.22-pv3/darwin-amd64/php-8.4.22-pv3-darwin-amd64.tar.gz",
              "sha256": "96fb3d4069f4f62fe9431bb7cd49ea1a1de36bf76846f5c5f57e9d71e77baf1e",
              "size": 204,
              "published_at": "2026-01-01T00:00:00Z",
              "provenance": {
                "source_url": "https://www.php.net/distributions/php-8.4.22.tar.gz",
                "source_sha256": "a012c2c9724baf214a70b41b40a7e130906b8855e54268afa5bc4ae17bc9d823",
                "recipe": "release/artifacts/recipes/php/tracks.toml",
                "pv_commit": "0123456789abcdef0123456789abcdef01234567",
                "build_run_id": "local-test"
              }
            },
            {
              "artifact_version": "8.4.22-pv3",
              "upstream_version": "8.4.22",
              "pv_build_revision": "pv3",
              "platform": "darwin-arm64",
              "url": "https://artifacts.example.test/resources/php/8.4/8.4.22-pv3/darwin-arm64/php-8.4.22-pv3-darwin-arm64.tar.gz",
              "sha256": "1cc28c97e2658e1aad008e4650ce8abdf7616788e50592c1733b2e073e268395",
              "size": 204,
              "published_at": "2026-01-01T00:00:00Z",
              "provenance": {
                "source_url": "https://www.php.net/distributions/php-8.4.22.tar.gz",
                "source_sha256": "a012c2c9724baf214a70b41b40a7e130906b8855e54268afa5bc4ae17bc9d823",
                "recipe": "release/artifacts/recipes/php/tracks.toml",
                "pv_commit": "0123456789abcdef0123456789abcdef01234567",
                "build_run_id": "local-test"
              }
            }
          ]
        },
        {
          "name": "8.5",
          "artifacts": [
            {
              "artifact_version": "8.5.7-pv3",
              "upstream_version": "8.5.7",
              "pv_build_revision": "pv3",
              "platform": "darwin-amd64",
              "url": "https://artifacts.example.test/resources/php/8.5/8.5.7-pv3/darwin-amd64/php-8.5.7-pv3-darwin-amd64.tar.gz",
              "sha256": "e3b55b9c9ac9a807adfaf4792ffd96b05bea12bbe819e74b7b3a1f12034c57de",
              "size": 202,
              "published_at": "2026-01-01T00:00:00Z",
              "provenance": {
                "source_url": "https://www.php.net/distributions/php-8.5.7.tar.gz",
                "source_sha256": "e5eba93fd6dd3241d0e61e932eb99a3783b40568553fb0e511b660ecd863a049",
                "recipe": "release/artifacts/recipes/php/tracks.toml",
                "pv_commit": "0123456789abcdef0123456789abcdef01234567",
                "build_run_id": "local-test"
              }
            },
            {
              "artifact_version": "8.5.7-pv3",
              "upstream_version": "8.5.7",
              "pv_build_revision": "pv3",
              "platform": "darwin-arm64",
              "url": "https://artifacts.example.test/resources/php/8.5/8.5.7-pv3/darwin-arm64/php-8.5.7-pv3-darwin-arm64.tar.gz",
              "sha256": "6edddbb21343432516a1edc28b8133869ff80824a47ec746d8e4656a622cf6db",
              "size": 204,
              "published_at": "2026-01-01T00:00:00Z",
              "provenance": {
                "source_url": "https://www.php.net/distributions/php-8.5.7.tar.gz",
                "source_sha256": "e5eba93fd6dd3241d0e61e932eb99a3783b40568553fb0e511b660ecd863a049",
                "recipe": "release/artifacts/recipes/php/tracks.toml",
                "pv_commit": "0123456789abcdef0123456789abcdef01234567",
                "build_run_id": "local-test"
              }
            }
          ]
        }
      ]
    },
    {
      "name": "postgres",
      "default_track": "18",
      "tracks": [
        {
          "name": "17",
          "artifacts": [
            {
              "artifact_version": "17.10-pv1",
              "upstream_version": "17.10",
              "pv_build_revision": "pv1",
              "platform": "darwin-amd64",
              "url": "https://artifacts.example.test/resources/postgres/17/17.10-pv1/darwin-amd64/postgres-17.10-pv1-darwin-amd64.tar.gz",
              "sha256": "4af5b8f9aed62e3561629b214442ca609ee90079c4dfa448e081023d717ebe5a",
              "size": 264,
              "published_at": "2026-01-01T00:00:00Z",
              "provenance": {
                "source_url": "https://ftp.postgresql.org/pub/source/v17.10/postgresql-17.10.tar.gz",
                "source_sha256": "e4b43025f32ea3d271be64365d284c8462cffd41d80db0c3df6fc62417a2d9dc",
                "recipe": "release/artifacts/recipes/postgres/recipe.toml",
                "pv_commit": "0123456789abcdef0123456789abcdef01234567",
                "build_run_id": "local-test"
              }
            },
            {
              "artifact_version": "17.10-pv1",
              "upstream_version": "17.10",
              "pv_build_revision": "pv1",
              "platform": "darwin-arm64",
              "url": "https://artifacts.example.test/resources/postgres/17/17.10-pv1/darwin-arm64/postgres-17.10-pv1-darwin-arm64.tar.gz",
              "sha256": "00b5439f0dfd83f3b42c40743c10e88af08ae6c989738dbd6569f622d3549b3c",
              "size": 264,
              "published_at": "2026-01-01T00:00:00Z",
              "provenance": {
                "source_url": "https://ftp.postgresql.org/pub/source/v17.10/postgresql-17.10.tar.gz",
                "source_sha256": "e4b43025f32ea3d271be64365d284c8462cffd41d80db0c3df6fc62417a2d9dc",
                "recipe": "release/artifacts/recipes/postgres/recipe.toml",
                "pv_commit": "0123456789abcdef0123456789abcdef01234567",
                "build_run_id": "local-test"
              }
            }
          ]
        },
        {
          "name": "18",
          "artifacts": [
            {
              "artifact_version": "18.4-pv1",
              "upstream_version": "18.4",
              "pv_build_revision": "pv1",
              "platform": "darwin-amd64",
              "url": "https://artifacts.example.test/resources/postgres/18/18.4-pv1/darwin-amd64/postgres-18.4-pv1-darwin-amd64.tar.gz",
              "sha256": "a937d1294303252915b1cfeac33efb9f3a0f9d24cb4720caa9eee336f311f293",
              "size": 264,
              "published_at": "2026-01-01T00:00:00Z",
              "provenance": {
                "source_url": "https://ftp.postgresql.org/pub/source/v18.4/postgresql-18.4.tar.gz",
                "source_sha256": "450aa8f2da06c46f8221916e82ae06b04fb1040f8f00643dbf8b7d663caac0b9",
                "recipe": "release/artifacts/recipes/postgres/recipe.toml",
                "pv_commit": "0123456789abcdef0123456789abcdef01234567",
                "build_run_id": "local-test"
              }
            },
            {
              "artifact_version": "18.4-pv1",
              "upstream_version": "18.4",
              "pv_build_revision": "pv1",
              "platform": "darwin-arm64",
              "url": "https://artifacts.example.test/resources/postgres/18/18.4-pv1/darwin-arm64/postgres-18.4-pv1-darwin-arm64.tar.gz",
              "sha256": "9fd0d9fdad0f7b74466abc3f918919afccad875fe672653dfd9fa80488c647f9",
              "size": 263,
              "published_at": "2026-01-01T00:00:00Z",
              "provenance": {
                "source_url": "https://ftp.postgresql.org/pub/source/v18.4/postgresql-18.4.tar.gz",
                "source_sha256": "450aa8f2da06c46f8221916e82ae06b04fb1040f8f00643dbf8b7d663caac0b9",
                "recipe": "release/artifacts/recipes/postgres/recipe.toml",
                "pv_commit": "0123456789abcdef0123456789abcdef01234567",
                "build_run_id": "local-test"
              }
            }
          ]
        }
      ]
    },
    {
      "name": "redis",
      "default_track": "8.8",
      "tracks": [
        {
          "name": "8.8",
          "artifacts": [
            {
              "artifact_version": "8.8.0-pv1",
              "upstream_version": "8.8.0",
              "pv_build_revision": "pv1",
              "platform": "darwin-amd64",
              "url": "https://artifacts.example.test/resources/redis/8.8/8.8.0-pv1/darwin-amd64/redis-8.8.0-pv1-darwin-amd64.tar.gz",
              "sha256": "cec32e429a84d6ab6bc865222deaad2bb413a90aa8e7b5a6b3e5fb70faa135cb",
              "size": 256,
              "published_at": "2026-01-01T00:00:00Z",
              "provenance": {
                "source_url": "https://download.redis.io/releases/redis-8.8.0.tar.gz",
                "source_sha256": "88422181efb0c9c0abba332e3e391d409e1e13714b838931669235e5796f704b",
                "recipe": "release/artifacts/recipes/redis/recipe.toml",
                "pv_commit": "0123456789abcdef0123456789abcdef01234567",
                "build_run_id": "local-test"
              }
            },
            {
              "artifact_version": "8.8.0-pv1",
              "upstream_version": "8.8.0",
              "pv_build_revision": "pv1",
              "platform": "darwin-arm64",
              "url": "https://artifacts.example.test/resources/redis/8.8/8.8.0-pv1/darwin-arm64/redis-8.8.0-pv1-darwin-arm64.tar.gz",
              "sha256": "edd0533a0769ebfb479b7fcb373d15576dfc1a63b665c3ea5d33a86114ca5a9f",
              "size": 257,
              "published_at": "2026-01-01T00:00:00Z",
              "provenance": {
                "source_url": "https://download.redis.io/releases/redis-8.8.0.tar.gz",
                "source_sha256": "88422181efb0c9c0abba332e3e391d409e1e13714b838931669235e5796f704b",
                "recipe": "release/artifacts/recipes/redis/recipe.toml",
                "pv_commit": "0123456789abcdef0123456789abcdef01234567",
                "build_run_id": "local-test"
              }
            }
          ]
        }
      ]
    },
    {
      "name": "rustfs",
      "default_track": "1",
      "tracks": [
        {
          "name": "1",
          "artifacts": [
            {
              "artifact_version": "1.0.0-beta.7-pv1",
              "upstream_version": "1.0.0-beta.7",
              "pv_build_revision": "pv1",
              "platform": "darwin-amd64",
              "url": "https://artifacts.example.test/resources/rustfs/1/1.0.0-beta.7-pv1/darwin-amd64/rustfs-1.0.0-beta.7-pv1-darwin-amd64.tar.gz",
              "sha256": "b69111036ba23e7afdbb88f3705f6ed6242e63eaf4191e37cab1b596f53760de",
              "size": 208,
              "published_at": "2026-01-01T00:00:00Z",
              "provenance": {
                "source_url": "https://github.com/rustfs/rustfs/releases/download/1.0.0-beta.7/rustfs-macos-x86_64-v1.0.0-beta.7.zip",
                "source_sha256": "b45cd47c3b3c903ab31b2b6d936be474d5ee64527a40271e7817dd6c961d5387",
                "recipe": "release/artifacts/recipes/rustfs/recipe.toml",
                "pv_commit": "0123456789abcdef0123456789abcdef01234567",
                "build_run_id": "local-test"
              }
            },
            {
              "artifact_version": "1.0.0-beta.7-pv1",
              "upstream_version": "1.0.0-beta.7",
              "pv_build_revision": "pv1",
              "platform": "darwin-arm64",
              "url": "https://artifacts.example.test/resources/rustfs/1/1.0.0-beta.7-pv1/darwin-arm64/rustfs-1.0.0-beta.7-pv1-darwin-arm64.tar.gz",
              "sha256": "375fd10cb182f9d0a7781a7805f58ab73b5a901c490936c671a34eeedd39bea7",
              "size": 207,
              "published_at": "2026-01-01T00:00:00Z",
              "provenance": {
                "source_url": "https://github.com/rustfs/rustfs/releases/download/1.0.0-beta.7/rustfs-macos-aarch64-v1.0.0-beta.7.zip",
                "source_sha256": "8ff8db2068db450b22c4dbaa86b7abcf35110307f8e036aa83db387f540a2b53",
                "recipe": "release/artifacts/recipes/rustfs/recipe.toml",
                "pv_commit": "0123456789abcdef0123456789abcdef01234567",
                "build_run_id": "local-test"
              }
            }
          ]
        }
      ]
    }
  ]
}
