---
source: crates/config/tests/project_config.rs
expression: "(updated.path.file_name(), updated.exists, updated.config, reloaded.config,)"
---
(
    Some(
        "pv.yml",
    ),
    true,
    ProjectConfig {
        php: Some(
            "8.4",
        ),
        document_root: Some(
            "public",
        ),
        hostnames: [
            "admin.acme.test",
        ],
        env: {
            "APP_URL": "${project_url}",
        },
        resources: {
            "mysql": ResourceConfig {
                track: Some(
                    "8.0",
                ),
                env: {
                    "DB_HOST": "${host}",
                },
                allocations: {
                    "app-db": AllocationConfig {
                        env: {
                            "DB_DATABASE": "${database}",
                        },
                    },
                },
            },
            "postgres": ResourceConfig {
                track: Some(
                    "latest",
                ),
                env: {},
                allocations: {},
            },
        },
    },
    ProjectConfig {
        php: Some(
            "8.4",
        ),
        document_root: Some(
            "public",
        ),
        hostnames: [
            "admin.acme.test",
        ],
        env: {
            "APP_URL": "${project_url}",
        },
        resources: {
            "mysql": ResourceConfig {
                track: Some(
                    "8.0",
                ),
                env: {
                    "DB_HOST": "${host}",
                },
                allocations: {
                    "app-db": AllocationConfig {
                        env: {
                            "DB_DATABASE": "${database}",
                        },
                    },
                },
            },
            "postgres": ResourceConfig {
                track: Some(
                    "latest",
                ),
                env: {},
                allocations: {},
            },
        },
    },
)
