---
source: crates/cli/tests/composer.rs
expression: "(output, exec_calls)"
---
(
    RunOutput {
        exit_code: ExitCode(
            unix_exit_status(
                0,
            ),
        ),
        stdout: "",
        stderr: "",
    },
    [
        ExecCall {
            program: "<tempdir>/home/.pv/resources/php/8.4/releases/8.4.8-pv1/bin/php",
            args: [
                "<tempdir>/home/.pv/resources/composer/2/releases/2.8.1-pv1/composer.phar",
                "about",
            ],
            env: [
                (
                    "COMPOSER_HOME",
                    "<tempdir>/home/.pv/composer",
                ),
                (
                    "COMPOSER_CACHE_DIR",
                    "<tempdir>/home/.pv/composer/cache",
                ),
                (
                    "PATH",
                    "<tempdir>/home/.pv/bin:<tempdir>/home/.pv/composer/vendor/bin",
                ),
                (
                    "PHPRC",
                    "<tempdir>/home/.pv/resources/php/8.4/etc",
                ),
                (
                    "PHP_INI_SCAN_DIR",
                    "<tempdir>/home/.pv/resources/php/8.4/etc/conf.d",
                ),
            ],
        },
    ],
)
