---
source: crates/cli/tests/doctor.rs
expression: snapshot
---
RunOutput {
    exit_code: ExitCode(
        unix_exit_status(
            0,
        ),
    ),
    stdout: "PV doctor\n[pass] State layout: 9 PV-owned directories have user-only permissions\n[pass] Database: read-only open succeeded; 7 migrations applied\n[pass] Daemon LaunchAgent: PV-owned LaunchAgent is installed\n  path: <tempdir>/home/Library/LaunchAgents/com.prvious.pv.daemon.plist\n[pass] Daemon socket: daemon answered health check\n  path: <tempdir>/home/.pv/run/pv.sock\n[pass] DNS config: prepared resolver uses port 35353\n[pass] Port redirect config: prepared pf config is current\n[pass] Local CA files: current certificate fingerprint <fingerprint>\n[pass] Recent jobs: no failed jobs in recent history\n[pass] Runtime states: no degraded or failed runtime observations\n[pass] Artifact manifest cache: cached manifest is present\n  path: <tempdir>/home/.pv/downloads/manifest.json\nSummary: 10 passed, 0 warning(s), 0 failed\n",
    stderr: "",
}
