---
source: crates/cli/tests/list_json.rs
expression: snapshot
---
Object {
    "projects": Array [
        Object {
            "additional_hostnames": Array [],
            "config_path": String("<tempdir>/Resource Project/pv.yml"),
            "env": String("none"),
            "env_file": String("config/development.env"),
            "hostname": Null,
            "id": String("<project-id>"),
            "mode": String("resource-only"),
            "path": String("<tempdir>/Resource Project"),
            "php": String("default"),
            "resources": Array [],
            "slug": String("resource-project"),
            "status": String("unknown"),
        },
    ],
}
