---
source: crates/cli/tests/postgres.rs
expression: snapshot
---
(
    RunOutput {
        exit_code: ExitCode(
            unix_exit_status(
                0,
            ),
        ),
        stdout: "Installed Postgres track 16\nwarning: PV daemon is not running; reconciliation will run after `pv setup` starts it\n",
        stderr: "",
    },
    [
        ResourceRecordSnapshot {
            resource_name: "postgres",
            track: "16",
            desired_state: "Installed",
            installed_version: Some(
                "16.4-pv1",
            ),
            current_artifact_path: Some(
                "home/.pv/resources/postgres/16/releases/16.4-pv1",
            ),
            usage_count: 0,
            removal_prune: false,
            removal_force: false,
        },
    ],
    1,
    0,
)
