---
source: crates/cli/tests/project_open.rs
expression: "(link, open, opened_urls)"
---
(
    RunOutput {
        exit_code: ExitCode(
            unix_exit_status(
                0,
            ),
        ),
        stdout: "Linked acme.test -> <tempdir>/acme\n",
        stderr: "warning: PV daemon is not running; reconciliation will run after `pv setup` starts it\n",
    },
    RunOutput {
        exit_code: ExitCode(
            unix_exit_status(
                1,
            ),
        ),
        stdout: "",
        stderr: "error: this directory is not inside a linked Project\nPass a Project slug or hostname, or run `pv list` to see linked Projects.\n",
    },
    [],
)
