---
source: crates/cli/tests/project_open.rs
expression: "(link, open, opened_urls)"
---
(
    RunOutput {
        exit_code: ExitCode(
            unix_exit_status(
                0,
            ),
        ),
        stdout: "Linked acme.test -> <tempdir>/acme\n",
        stderr: "\u{1b}[33m⚠\u{1b}[0m  \u{1b}[33mwarning:\u{1b}[0m PV daemon is not running; reconciliation will run after `pv setup`\n   starts it\n",
    },
    RunOutput {
        exit_code: ExitCode(
            unix_exit_status(
                0,
            ),
        ),
        stdout: "Select a Project:\n1. acme.test  <tempdir>/acme\nEnter selection:\nOpened https://acme.test for acme.test\n",
        stderr: "",
    },
    [
        "https://acme.test",
    ],
)
