---
source: crates/cli/tests/project_open.rs
expression: "(link_resource_only, explicit_open, current_open, link_served, picker_open,\nopened_urls)"
---
(
    RunOutput {
        exit_code: ExitCode(
            unix_exit_status(
                0,
            ),
        ),
        stdout: "Linked resources (resource-only) -> <tempdir>/resources\n",
        stderr: "\u{1b}[33m⚠\u{1b}[0m  \u{1b}[33mwarning:\u{1b}[0m PV daemon is not running; reconciliation will run after `pv setup`\n   starts it\n",
    },
    RunOutput {
        exit_code: ExitCode(
            unix_exit_status(
                1,
            ),
        ),
        stdout: "",
        stderr: "\u{1b}[31m✗\u{1b}[0m  \u{1b}[31merror:\u{1b}[0m \u{1b}[1mProject `resources` is resource-only and cannot be opened\u{1b}[0m\n",
    },
    RunOutput {
        exit_code: ExitCode(
            unix_exit_status(
                1,
            ),
        ),
        stdout: "",
        stderr: "\u{1b}[31m✗\u{1b}[0m  \u{1b}[31merror:\u{1b}[0m \u{1b}[1mcould not resolve a linked Project; pass a Project slug or hostname\u{1b}[0m\n",
    },
    RunOutput {
        exit_code: ExitCode(
            unix_exit_status(
                0,
            ),
        ),
        stdout: "Linked web.test -> <tempdir>/web\n",
        stderr: "\u{1b}[33m⚠\u{1b}[0m  \u{1b}[33mwarning:\u{1b}[0m PV daemon is not running; reconciliation will run after `pv setup`\n   starts it\n",
    },
    RunOutput {
        exit_code: ExitCode(
            unix_exit_status(
                0,
            ),
        ),
        stdout: "Select a Project:\n1. web.test  <tempdir>/web\nEnter selection:\nOpened https://web.test for web.test\n",
        stderr: "",
    },
    [
        "https://web.test",
    ],
)
