---
source: crates/cli/tests/status.rs
expression: snapshot
---
RunOutput {
    exit_code: ExitCode(
        unix_exit_status(
            0,
        ),
    ),
    stdout: "{\"overall\":\"ok\",\"daemon\":{\"state\":\"disabled\",\"launch_agent\":\"missing\",\"socket\":\"missing\",\"failure\":false},\"integrations\":{\"dns\":\"missing\",\"ports\":\"missing\",\"ca\":\"missing\"},\"managed_resources\":[{\"name\":\"mysql\",\"track\":\"8.0\",\"desired\":\"installed\",\"status\":\"running\",\"projects\":0,\"version\":\"1.0.0\",\"failure\":false}],\"runtimes\":[],\"recent_errors\":[],\"log_directory\":\"<tempdir>/home/.pv/logs\"}\n",
    stderr: "",
}
