---
source: crates/cli/tests/status.rs
assertion_line: 603
expression: snapshot
---
(
    RunOutput {
        exit_code: ExitCode(
            unix_exit_status(
                0,
            ),
        ),
        stdout: "PV status\nOverall: ok\nDaemon: disabled\n  LaunchAgent: missing\n  Socket: missing\nIntegrations:\n  DNS: missing\n  Ports: missing\n  CA: missing\nLogs: <tempdir>/home/.pv/logs\nManaged Resources:\n  none\nProjects:\n  app.test env=warning ignored unsupported PHP extension `missing`; ignored unsupported PHP extension `typo`\nRecent errors:\n  none\n",
        stderr: "",
    },
    RunOutput {
        exit_code: ExitCode(
            unix_exit_status(
                0,
            ),
        ),
        stdout: "{\"overall\":\"ok\",\"daemon\":{\"state\":\"disabled\",\"launch_agent\":\"missing\",\"socket\":\"missing\",\"failure\":false},\"integrations\":{\"dns\":\"missing\",\"ports\":\"missing\",\"ca\":\"missing\"},\"managed_resources\":[],\"runtimes\":[],\"projects\":[{\"hostname\":\"app.test\",\"env_status\":\"warning\",\"message\":\"ignored unsupported PHP extension `missing`; ignored unsupported PHP extension `typo`\",\"observed_at\":\"<timestamp>\"}],\"recent_errors\":[],\"log_directory\":\"<tempdir>/home/.pv/logs\"}\n",
        stderr: "",
    },
)
