---
source: crates/cli/tests/update.rs
expression: snapshot
---
RunOutput {
    exit_code: ExitCode(
        unix_exit_status(
            1,
        ),
    ),
    stdout: "PV update\nPV application: update failed; rollback failed\n",
    stderr: "error: PV application update failed (daemon did not become healthy after update); rollback failed: PV app release `0.1.1` is missing at <pv-home>/bin/releases/0.1.1/pv\n",
}
