---
source: crates/cli/tests/update.rs
expression: snapshot
---
RunOutput {
    exit_code: ExitCode(
        unix_exit_status(
            0,
        ),
    ),
    stdout: "Waiting for the reconciliation slot (elapsed: 0s)\nManaged Resources: updated 2 artifact(s)\nManaged Resources reconciled: Gateway runtime skipped\n",
    stderr: "",
}
