---
source: crates/cli/tests/update.rs
expression: snapshot
---
RunOutput {
    exit_code: ExitCode(
        unix_exit_status(
            1,
        ),
    ),
    stdout: "PV update\n",
    stderr: "error: PV app download checksum mismatch for `https://downloads.example.test/pv/0.3.0/pv-darwin-arm64`: expected <sha256>, got <sha256>\n",
}
