---
source: crates/cli/src/commands/init.rs
expression: output
---
Detected Project signals:
  Laravel: Detected composer.json, artisan, and Laravel project files
  Vite: Detected Vite in package.json
Selected Project resources:
  mailpit: Detected SMTP mail env keys when selected
  mysql: Detected DB_CONNECTION=mysql
  redis: Detected Redis-compatible env keys when selected
  rustfs: Detected AWS/S3 env keys when selected
Resource checklist:
  [x] MySQL
  [ ] Postgres
  [x] Redis
  [x] Mailpit
  [x] RustFS/S3
Use these selections? Enter y to preview, n to cancel, or edit to change selections:
PHP track [8.4]:
Document root [public]:
Selected resources [mysql,redis,mailpit,rustfs]:
MySQL track [latest]:
MySQL allocations [app]:
Redis track [latest]:
Redis allocations [cache]:
Mailpit track [latest]:
RustFS/S3 track [latest]:
RustFS/S3 allocations [uploads]:
Project config preview:
php: '8.5'
document_root: public
env:
  APP_URL: ${project_url}
  VITE_DEV_SERVER_CERT: ${tls_cert}
  VITE_DEV_SERVER_KEY: ${tls_key}
mailpit:
  version: latest
  env:
    MAIL_HOST: ${smtp_host}
    MAIL_MAILER: smtp
    MAIL_PORT: ${smtp_port}
mysql:
  version: latest
  allocations:
    analytics:
      env:
        ANALYTICS_DB_CONNECTION: mysql
        ANALYTICS_DB_DATABASE: ${database}
        ANALYTICS_DB_HOST: ${host}
        ANALYTICS_DB_PASSWORD: ${password}
        ANALYTICS_DB_PORT: ${port}
        ANALYTICS_DB_USERNAME: ${username}
    app:
      env:
        DB_CONNECTION: mysql
        DB_DATABASE: ${database}
        DB_HOST: ${host}
        DB_PASSWORD: ${password}
        DB_PORT: ${port}
        DB_USERNAME: ${username}
redis:
  version: latest
  allocations:
    cache:
      env:
        REDIS_HOST: ${host}
        REDIS_PORT: ${port}
        REDIS_PREFIX: ${prefix}
rustfs:
  version: latest
  allocations:
    uploads:
      env:
        AWS_ACCESS_KEY_ID: ${access_key}
        AWS_BUCKET: ${bucket}
        AWS_ENDPOINT: ${endpoint}
        AWS_SECRET_ACCESS_KEY: ${secret_key}
Write Project config? Enter y to continue:
Wrote Project config: <tempdir>/acme/pv.yml
Vite HTTPS: configure the app's Vite config to read VITE_DEV_SERVER_CERT and VITE_DEV_SERVER_KEY.
