---
source: crates/macos/tests/resolver_config.rs
expression: normalized_states
---
[
    "Missing { path: \"[tempdir]/missing-pf-conf\" }",
    "Current { path: \"[tempdir]/current-pf-conf\", value: PfConfReference }",
    "Stale { path: \"[tempdir]/stale-pf-conf\", expected: Some(PfConfReference), actual: None }",
    "Conflict { path: \"[tempdir]/conflict-pf-conf\" }",
    "Missing { path: \"[tempdir]/unrelated-pf-conf\" }",
    "Unreadable { path: \"[tempdir]/pf-conf-directory\", message: \"<read error>\" }",
]
