---
source: crates/resources/tests/managed_resource_commands.rs
expression: "(result, state_after_failure, php_release_exists, php_current_target,\nclient.byte_request_count(),)"
---
(
    Err(
        Resources(
            HttpRequestFailed {
                url: "https://artifacts.example.test/frankenphp-8.4.8-pv1-darwin-arm64.tar.gz",
                reason: "no scripted byte response",
            },
        ),
    ),
    [],
    false,
    None,
    3,
)
